Java HotSpot(TM) 64-Bit Server VM (25.121-b13) for windows-amd64 JRE (1.8.0_121-b13), built on Dec 12 2016 18:21:36 by "java_re" with MS VC++ 10.0 (VS2010)
Memory: 4k page, physical 16674272k(6119152k free), swap 33346684k(18317684k free)
CommandLine flags: -XX:InitialHeapSize=266788352 -XX:MaxHeapSize=2147483648 -XX:MaxNewSize=348966912 -XX:MaxTenuringThreshold=6 -XX:OldPLABSize=16 -XX:+PrintGC -XX:+PrintGCDetails -XX:+PrintGCTimeStamps -XX:+UseCompressedClassPointers -XX:+UseCompressedOops -XX:+UseConcMarkSweepGC -XX:-UseLargePagesIndividualAllocation -XX:+UseParNewGC -XX:+UseTLAB 
3.380: [GC (Allocation Failure) 3.380: [ParNew: 69952K->8704K(78656K), 0.0299066 secs] 69952K->18310K(253440K), 0.0300218 secs] [Times: user=0.08 sys=0.00, real=0.03 secs] 
4.642: [GC (Allocation Failure) 4.642: [ParNew: 78656K->8704K(78656K), 0.1337015 secs] 88262K->41000K(253440K), 0.1337709 secs] [Times: user=0.38 sys=0.03, real=0.13 secs] 
4.777: [GC (CMS Initial Mark) [1 CMS-initial-mark: 32296K(174784K)] 42349K(253440K), 0.0035690 secs] [Times: user=0.00 sys=0.00, real=0.00 secs] 
4.780: [CMS-concurrent-mark-start]
4.816: [CMS-concurrent-mark: 0.036/0.036 secs] [Times: user=0.13 sys=0.00, real=0.04 secs] 
4.816: [CMS-concurrent-preclean-start]
4.817: [CMS-concurrent-preclean: 0.001/0.001 secs] [Times: user=0.00 sys=0.00, real=0.00 secs] 
4.817: [CMS-concurrent-abortable-preclean-start]
5.617: [CMS-concurrent-abortable-preclean: 0.400/0.799 secs] [Times: user=2.50 sys=0.03, real=0.80 secs] 
5.617: [GC (CMS Final Remark) [YG occupancy: 55746 K (78656 K)]5.618: [Rescan (parallel) , 0.0198704 secs]5.637: [weak refs processing, 0.0000972 secs]5.638: [class unloading, 0.0044075 secs]5.642: [scrub symbol table, 0.0112709 secs]5.653: [scrub string table, 0.0008262 secs][1 CMS-remark: 32296K(174784K)] 88043K(253440K), 0.0376750 secs] [Times: user=0.16 sys=0.00, real=0.04 secs] 
5.655: [CMS-concurrent-sweep-start]
5.661: [CMS-concurrent-sweep: 0.006/0.006 secs] [Times: user=0.00 sys=0.00, real=0.01 secs] 
5.661: [CMS-concurrent-reset-start]
5.665: [CMS-concurrent-reset: 0.004/0.004 secs] [Times: user=0.03 sys=0.02, real=0.00 secs] 
5.981: [GC (Allocation Failure) 5.981: [ParNew: 78656K->8704K(78656K), 0.0280945 secs] 104272K->46650K(253440K), 0.0281759 secs] [Times: user=0.09 sys=0.00, real=0.03 secs] 
6.858: [GC (Allocation Failure) 6.858: [ParNew: 78656K->8704K(78656K), 0.0282671 secs] 116602K->59477K(253440K), 0.0283328 secs] [Times: user=0.12 sys=0.00, real=0.03 secs] 
7.638: [GC (Allocation Failure) 7.638: [ParNew: 78656K->8704K(78656K), 0.0278180 secs] 129429K->71922K(253440K), 0.0278833 secs] [Times: user=0.13 sys=0.00, real=0.03 secs] 
8.274: [GC (Allocation Failure) 8.274: [ParNew: 78656K->8704K(78656K), 0.0190147 secs] 141874K->79615K(253440K), 0.0190905 secs] [Times: user=0.06 sys=0.00, real=0.02 secs] 
8.695: [GC (Allocation Failure) 8.695: [ParNew: 78656K->8704K(78656K), 0.0242730 secs] 149567K->87709K(253440K), 0.0243426 secs] [Times: user=0.06 sys=0.00, real=0.02 secs] 
9.126: [GC (Allocation Failure) 9.126: [ParNew: 78656K->8704K(78656K), 0.0348079 secs] 157661K->96402K(253440K), 0.0348816 secs] [Times: user=0.16 sys=0.00, real=0.04 secs] 
9.745: [GC (Allocation Failure) 9.745: [ParNew: 78656K->8704K(78656K), 0.0224271 secs] 166354K->103932K(253440K), 0.0224934 secs] [Times: user=0.11 sys=0.00, real=0.02 secs] 
10.610: [GC (Allocation Failure) 10.611: [ParNew: 78656K->8704K(78656K), 0.0178492 secs] 173884K->111708K(253440K), 0.0179187 secs] [Times: user=0.06 sys=0.00, real=0.02 secs] 
11.176: [GC (Allocation Failure) 11.176: [ParNew: 78656K->7602K(78656K), 0.0168030 secs] 181660K->115924K(253440K), 0.0168611 secs] [Times: user=0.05 sys=0.00, real=0.02 secs] 
11.763: [GC (Allocation Failure) 11.763: [ParNew: 77554K->7386K(78656K), 0.0189996 secs] 185876K->120006K(253440K), 0.0190573 secs] [Times: user=0.09 sys=0.00, real=0.02 secs] 
12.175: [GC (Allocation Failure) 12.175: [ParNew: 77338K->7380K(78656K), 0.0159186 secs] 189958K->124835K(253440K), 0.0159761 secs] [Times: user=0.05 sys=0.00, real=0.02 secs] 
12.602: [GC (Allocation Failure) 12.602: [ParNew: 77332K->7375K(78656K), 0.0136179 secs] 194787K->129193K(253440K), 0.0136816 secs] [Times: user=0.06 sys=0.00, real=0.01 secs] 
13.199: [GC (Allocation Failure) 13.199: [ParNew: 77327K->8704K(78656K), 0.0179553 secs] 199145K->135847K(253440K), 0.0180187 secs] [Times: user=0.09 sys=0.00, real=0.02 secs] 
13.766: [GC (Allocation Failure) 13.766: [ParNew: 78656K->7717K(78656K), 0.0133064 secs] 205799K->139693K(253440K), 0.0133695 secs] [Times: user=0.05 sys=0.00, real=0.01 secs] 
14.232: [GC (Allocation Failure) 14.232: [ParNew: 77669K->8704K(78656K), 0.0279110 secs] 209645K->143796K(253440K), 0.0279760 secs] [Times: user=0.05 sys=0.00, real=0.03 secs] 
14.956: [GC (Allocation Failure) 14.956: [ParNew: 78656K->8704K(78656K), 0.0153209 secs] 213748K->147516K(253440K), 0.0153817 secs] [Times: user=0.05 sys=0.00, real=0.02 secs] 
15.457: [GC (Allocation Failure) 15.457: [ParNew: 78656K->6197K(78656K), 0.0429016 secs] 217468K->149233K(253440K), 0.0429748 secs] [Times: user=0.13 sys=0.00, real=0.04 secs] 
16.038: [GC (Allocation Failure) 16.038: [ParNew: 76149K->7889K(78656K), 0.0176979 secs] 219185K->150925K(253440K), 0.0177598 secs] [Times: user=0.09 sys=0.00, real=0.02 secs] 
16.703: [GC (Allocation Failure) 16.703: [ParNew: 77841K->7222K(78656K), 0.0167366 secs] 220877K->153434K(253440K), 0.0168025 secs] [Times: user=0.06 sys=0.00, real=0.02 secs] 
17.402: [GC (Allocation Failure) 17.402: [ParNew: 77174K->8704K(78656K), 0.0709326 secs] 223386K->172063K(253440K), 0.0711387 secs] [Times: user=0.19 sys=0.00, real=0.07 secs] 
17.474: [GC (CMS Initial Mark) [1 CMS-initial-mark: 163359K(174784K)] 173461K(253440K), 0.0042697 secs] [Times: user=0.00 sys=0.00, real=0.01 secs] 
17.478: [CMS-concurrent-mark-start]
17.696: [CMS-concurrent-mark: 0.218/0.218 secs] [Times: user=0.62 sys=0.01, real=0.22 secs] 
17.696: [CMS-concurrent-preclean-start]
17.697: [CMS-concurrent-preclean: 0.001/0.001 secs] [Times: user=0.00 sys=0.00, real=0.00 secs] 
17.697: [CMS-concurrent-abortable-preclean-start]
18.114: [GC (Allocation Failure) 18.114: [ParNew: 78656K->8704K(78656K), 0.0364615 secs] 242015K->180925K(253440K), 0.0365282 secs] [Times: user=0.09 sys=0.00, real=0.04 secs] 
18.549: [CMS-concurrent-abortable-preclean: 0.582/0.852 secs] [Times: user=1.56 sys=0.09, real=0.85 secs] 
18.549: [GC (CMS Final Remark) [YG occupancy: 61816 K (78656 K)]18.549: [Rescan (parallel) , 0.0222072 secs]18.572: [weak refs processing, 0.0001420 secs]18.572: [class unloading, 0.0068093 secs]18.579: [scrub symbol table, 0.0102914 secs]18.589: [scrub string table, 0.0007792 secs][1 CMS-remark: 172221K(174784K)] 234037K(253440K), 0.0407302 secs] [Times: user=0.08 sys=0.00, real=0.04 secs] 
18.590: [CMS-concurrent-sweep-start]
18.665: [CMS-concurrent-sweep: 0.075/0.075 secs] [Times: user=0.11 sys=0.02, real=0.07 secs] 
18.665: [CMS-concurrent-reset-start]
18.669: [CMS-concurrent-reset: 0.003/0.003 secs] [Times: user=0.00 sys=0.00, real=0.00 secs] 
18.696: [GC (Allocation Failure) 18.696: [ParNew: 78656K->8704K(78656K), 0.0256618 secs] 242634K->179318K(351956K), 0.0257232 secs] [Times: user=0.06 sys=0.00, real=0.03 secs] 
19.199: [GC (Allocation Failure) 19.199: [ParNew: 78656K->8704K(78656K), 0.0711831 secs] 249270K->203372K(351956K), 0.0712505 secs] [Times: user=0.25 sys=0.00, real=0.07 secs] 
19.273: [GC (CMS Initial Mark) [1 CMS-initial-mark: 194668K(273300K)] 204772K(351956K), 0.0058438 secs] [Times: user=0.00 sys=0.00, real=0.01 secs] 
19.279: [CMS-concurrent-mark-start]
19.412: [GC (Allocation Failure) 19.412: [ParNew: 78656K->8704K(78656K), 0.2143380 secs] 273324K->266990K(351956K), 0.2144065 secs] [Times: user=0.72 sys=0.03, real=0.22 secs] 
19.709: [GC (Allocation Failure) 19.709: [ParNew: 78656K->8704K(78656K), 0.2446040 secs] 336942K->333510K(404948K), 0.2446772 secs] [Times: user=0.76 sys=0.06, real=0.24 secs] 
20.038: [GC (Allocation Failure) 20.038: [ParNew: 78656K->8704K(78656K), 0.2300132 secs] 403462K->398495K(469844K), 0.2301270 secs] [Times: user=0.59 sys=0.05, real=0.23 secs] 
20.347: [GC (Allocation Failure) 20.347: [ParNew: 78656K->8704K(78656K), 0.2319804 secs] 468447K->463215K(534548K), 0.2320510 secs] [Times: user=0.64 sys=0.03, real=0.23 secs] 
20.659: [GC (Allocation Failure) 20.659: [ParNew: 78656K->8702K(78656K), 0.2572806 secs] 533167K->527806K(599252K), 0.2573531 secs] [Times: user=0.69 sys=0.02, real=0.26 secs] 
21.367: [GC (Allocation Failure) 21.367: [ParNew: 78654K->8702K(78656K), 0.1297200 secs] 597758K->560360K(632084K), 0.1298336 secs] [Times: user=0.42 sys=0.03, real=0.13 secs] 
21.598: [CMS-concurrent-mark: 1.003/2.319 secs] [Times: user=6.43 sys=0.30, real=2.32 secs] 
21.598: [CMS-concurrent-preclean-start]
21.654: [CMS-concurrent-preclean: 0.052/0.056 secs] [Times: user=0.06 sys=0.02, real=0.06 secs] 
21.654: [CMS-concurrent-abortable-preclean-start]
22.432: [GC (Allocation Failure) 22.432: [ParNew: 78654K->8704K(78656K), 0.0812373 secs] 630312K->587863K(659348K), 0.0813083 secs] [Times: user=0.30 sys=0.03, real=0.08 secs] 
22.912: [GC (Allocation Failure) 22.912: [ParNew: 78656K->8704K(78656K), 0.0380797 secs] 657815K->600813K(672212K), 0.0381458 secs] [Times: user=0.13 sys=0.02, real=0.04 secs] 
22.969: [CMS-concurrent-abortable-preclean: 0.990/1.315 secs] [Times: user=3.46 sys=0.19, real=1.32 secs] 
22.969: [GC (CMS Final Remark) [YG occupancy: 12895 K (78656 K)]22.969: [Rescan (parallel) , 0.0046531 secs]22.974: [weak refs processing, 0.0001349 secs]22.974: [class unloading, 0.0071317 secs]22.981: [scrub symbol table, 0.0094239 secs]22.991: [scrub string table, 0.0009764 secs][1 CMS-remark: 592109K(593556K)] 605005K(672212K), 0.0226862 secs] [Times: user=0.02 sys=0.00, real=0.02 secs] 
22.992: [CMS-concurrent-sweep-start]
23.123: [CMS-concurrent-sweep: 0.131/0.131 secs] [Times: user=0.45 sys=0.03, real=0.13 secs] 
23.125: [CMS-concurrent-reset-start]
23.129: [CMS-concurrent-reset: 0.004/0.004 secs] [Times: user=0.00 sys=0.00, real=0.00 secs] 
23.755: [GC (Allocation Failure) 23.755: [ParNew: 78656K->8704K(78656K), 0.0880211 secs] 667752K->626698K(1060484K), 0.0880779 secs] [Times: user=0.28 sys=0.00, real=0.09 secs] 
24.802: [GC (Allocation Failure) 24.802: [ParNew: 78656K->8704K(78656K), 0.0258155 secs] 696650K->635690K(1060484K), 0.0258861 secs] [Times: user=0.09 sys=0.00, real=0.03 secs] 
25.154: [GC (Allocation Failure) 25.154: [ParNew: 78656K->1104K(78656K), 0.0057222 secs] 705642K->628090K(1060484K), 0.0057934 secs] [Times: user=0.00 sys=0.00, real=0.01 secs] 
25.364: [GC (Allocation Failure) 25.364: [ParNew: 71056K->1547K(78656K), 0.0032201 secs] 698042K->628533K(1060484K), 0.0032853 secs] [Times: user=0.06 sys=0.00, real=0.00 secs] 
25.581: [GC (Allocation Failure) 25.581: [ParNew: 71499K->1473K(78656K), 0.0052339 secs] 698485K->628459K(1060484K), 0.0053053 secs] [Times: user=0.05 sys=0.00, real=0.00 secs] 
25.801: [GC (Allocation Failure) 25.801: [ParNew: 71425K->1785K(78656K), 0.0070527 secs] 698411K->628771K(1060484K), 0.0071177 secs] [Times: user=0.02 sys=0.00, real=0.01 secs] 
26.025: [GC (Allocation Failure) 26.025: [ParNew: 71737K->2199K(78656K), 0.0061757 secs] 698723K->629185K(1060484K), 0.0062360 secs] [Times: user=0.00 sys=0.00, real=0.01 secs] 
26.252: [GC (Allocation Failure) 26.252: [ParNew: 72151K->2733K(78656K), 0.0054302 secs] 699137K->629739K(1060484K), 0.0054974 secs] [Times: user=0.03 sys=0.00, real=0.00 secs] 
26.472: [GC (Allocation Failure) 26.472: [ParNew: 72685K->2529K(78656K), 0.0041419 secs] 699691K->629931K(1060484K), 0.0042129 secs] [Times: user=0.05 sys=0.00, real=0.00 secs] 
26.695: [GC (Allocation Failure) 26.695: [ParNew: 72481K->2530K(78656K), 0.0033410 secs] 699883K->630319K(1060484K), 0.0034113 secs] [Times: user=0.00 sys=0.00, real=0.00 secs] 
26.905: [GC (Allocation Failure) 26.905: [ParNew: 72482K->2718K(78656K), 0.0031548 secs] 700271K->630894K(1060484K), 0.0032276 secs] [Times: user=0.00 sys=0.00, real=0.00 secs] 
27.120: [GC (Allocation Failure) 27.120: [ParNew: 72670K->2720K(78656K), 0.0043777 secs] 700846K->631283K(1060484K), 0.0044443 secs] [Times: user=0.00 sys=0.00, real=0.00 secs] 
27.356: [GC (Allocation Failure) 27.356: [ParNew: 72672K->2720K(78656K), 0.0028948 secs] 701235K->631670K(1060484K), 0.0029651 secs] [Times: user=0.00 sys=0.00, real=0.00 secs] 
27.572: [GC (Allocation Failure) 27.572: [ParNew: 72672K->2720K(78656K), 0.0034856 secs] 701622K->632059K(1060484K), 0.0035544 secs] [Times: user=0.00 sys=0.00, real=0.00 secs] 
27.795: [GC (Allocation Failure) 27.795: [ParNew: 72672K->2528K(78656K), 0.0036225 secs] 702011K->632254K(1060484K), 0.0036897 secs] [Times: user=0.00 sys=0.00, real=0.00 secs] 
28.011: [GC (Allocation Failure) 28.011: [ParNew: 72480K->2527K(78656K), 0.0044669 secs] 702206K->632640K(1060484K), 0.0045395 secs] [Times: user=0.00 sys=0.00, real=0.00 secs] 
28.228: [GC (Allocation Failure) 28.228: [ParNew: 72479K->2524K(78656K), 0.0054111 secs] 702592K->633026K(1060484K), 0.0055034 secs] [Times: user=0.00 sys=0.00, real=0.01 secs] 
28.919: [GC (Allocation Failure) 28.919: [ParNew: 72476K->8106K(78656K), 0.0089360 secs] 702978K->638995K(1060484K), 0.0090208 secs] [Times: user=0.06 sys=0.00, real=0.01 secs] 
29.904: [GC (Allocation Failure) 29.904: [ParNew: 78058K->8704K(78656K), 0.1477398 secs] 708947K->660169K(1060484K), 0.1478126 secs] [Times: user=0.42 sys=0.02, real=0.15 secs] 
30.406: [GC (Allocation Failure) 30.406: [ParNew: 78656K->8704K(78656K), 0.0972422 secs] 730121K->689140K(1060484K), 0.0973177 secs] [Times: user=0.26 sys=0.03, real=0.10 secs] 
30.750: [GC (Allocation Failure) 30.750: [ParNew: 78656K->8704K(78656K), 0.0716605 secs] 759092K->715194K(1060484K), 0.0717284 secs] [Times: user=0.17 sys=0.00, real=0.07 secs] 
31.050: [GC (Allocation Failure) 31.050: [ParNew: 78656K->8704K(78656K), 0.0622220 secs] 785146K->737790K(1060484K), 0.0623010 secs] [Times: user=0.16 sys=0.02, real=0.06 secs] 
31.219: [GC (Allocation Failure) 31.219: [ParNew: 78656K->8704K(78656K), 0.0601301 secs] 807742K->755793K(1060484K), 0.0602066 secs] [Times: user=0.17 sys=0.02, real=0.06 secs] 
31.285: [GC (CMS Initial Mark) [1 CMS-initial-mark: 747089K(981828K)] 757880K(1060484K), 0.0050622 secs] [Times: user=0.00 sys=0.00, real=0.00 secs] 
31.290: [CMS-concurrent-mark-start]
31.579: [GC (Allocation Failure) 31.579: [ParNew: 78656K->8704K(78656K), 0.0609225 secs] 825745K->774232K(1060484K), 0.0610443 secs] [Times: user=0.17 sys=0.00, real=0.06 secs] 
31.857: [GC (Allocation Failure) 31.857: [ParNew: 78656K->8704K(78656K), 0.0583656 secs] 844184K->792502K(1060484K), 0.0584364 secs] [Times: user=0.22 sys=0.02, real=0.06 secs] 
32.145: [GC (Allocation Failure) 32.145: [ParNew: 78656K->8704K(78656K), 0.0558413 secs] 862454K->809685K(1060484K), 0.0559094 secs] [Times: user=0.19 sys=0.00, real=0.06 secs] 
32.412: [GC (Allocation Failure) 32.412: [ParNew: 78656K->8704K(78656K), 0.0686133 secs] 879637K->827979K(1060484K), 0.0686932 secs] [Times: user=0.26 sys=0.00, real=0.07 secs] 
32.669: [GC (Allocation Failure) 32.669: [ParNew: 78656K->8704K(78656K), 0.0437338 secs] 897931K->841397K(1060484K), 0.0438021 secs] [Times: user=0.12 sys=0.00, real=0.04 secs] 
32.890: [GC (Allocation Failure) 32.890: [ParNew: 78656K->8704K(78656K), 0.0490373 secs] 911349K->856090K(1060484K), 0.0491134 secs] [Times: user=0.13 sys=0.02, real=0.05 secs] 
33.081: [GC (Allocation Failure) 33.082: [ParNew: 78656K->8704K(78656K), 0.0495440 secs] 926042K->876896K(1060484K), 0.0496235 secs] [Times: user=0.16 sys=0.00, real=0.05 secs] 
33.259: [CMS-concurrent-mark: 1.564/1.969 secs] [Times: user=5.96 sys=0.05, real=1.97 secs] 
33.259: [CMS-concurrent-preclean-start]
33.267: [CMS-concurrent-preclean: 0.007/0.008 secs] [Times: user=0.03 sys=0.00, real=0.01 secs] 
33.267: [CMS-concurrent-abortable-preclean-start]
33.292: [GC (Allocation Failure) 33.292: [ParNew: 78656K->8704K(78656K), 0.0408738 secs] 946848K->889449K(1060484K), 0.0409461 secs] [Times: user=0.11 sys=0.02, real=0.04 secs] 
33.520: [GC (Allocation Failure) 33.520: [ParNew: 78656K->8704K(78656K), 0.0403407 secs] 959401K->902351K(1060484K), 0.0404906 secs] [Times: user=0.13 sys=0.01, real=0.04 secs] 
33.591: [CMS-concurrent-abortable-preclean: 0.239/0.324 secs] [Times: user=0.70 sys=0.03, real=0.32 secs] 
33.591: [GC (CMS Final Remark) [YG occupancy: 24630 K (78656 K)]33.591: [Rescan (parallel) , 0.0138704 secs]33.605: [weak refs processing, 0.0003973 secs]33.605: [class unloading, 0.0091761 secs]33.615: [scrub symbol table, 0.0120933 secs]33.627: [scrub string table, 0.0009808 secs][1 CMS-remark: 893647K(981828K)] 918277K(1060484K), 0.0368819 secs] [Times: user=0.03 sys=0.00, real=0.04 secs] 
33.628: [CMS-concurrent-sweep-start]
33.832: [GC (Allocation Failure) 33.832: [ParNew: 78656K->8704K(78656K), 0.0423977 secs] 966344K->910133K(1060484K), 0.0424747 secs] [Times: user=0.13 sys=0.00, real=0.04 secs] 
34.132: [GC (Allocation Failure) 34.132: [ParNew: 78656K->8704K(78656K), 0.0379597 secs] 971762K->913210K(1060484K), 0.0380318 secs] [Times: user=0.13 sys=0.00, real=0.04 secs] 
34.242: [CMS-concurrent-sweep: 0.530/0.614 secs] [Times: user=1.39 sys=0.02, real=0.61 secs] 
34.245: [CMS-concurrent-reset-start]
34.248: [CMS-concurrent-reset: 0.003/0.003 secs] [Times: user=0.00 sys=0.00, real=0.00 secs] 
34.340: [GC (Allocation Failure) 34.340: [ParNew: 78656K->8704K(78656K), 0.0347303 secs] 983162K->925023K(1586168K), 0.0348064 secs] [Times: user=0.09 sys=0.03, real=0.03 secs] 
34.531: [GC (Allocation Failure) 34.531: [ParNew: 78656K->8704K(78656K), 0.0351301 secs] 994975K->937100K(1586168K), 0.0352075 secs] [Times: user=0.09 sys=0.03, real=0.03 secs] 
34.769: [GC (Allocation Failure) 34.769: [ParNew: 78656K->8704K(78656K), 0.0328227 secs] 1007052K->948231K(1586168K), 0.0329031 secs] [Times: user=0.09 sys=0.00, real=0.03 secs] 
34.987: [GC (Allocation Failure) 34.987: [ParNew: 78656K->8704K(78656K), 0.0329126 secs] 1018183K->958891K(1586168K), 0.0329993 secs] [Times: user=0.13 sys=0.00, real=0.03 secs] 
35.219: [GC (Allocation Failure) 35.219: [ParNew: 78656K->8704K(78656K), 0.0340820 secs] 1028843K->970196K(1586168K), 0.0341681 secs] [Times: user=0.11 sys=0.00, real=0.03 secs] 
35.402: [GC (Allocation Failure) 35.402: [ParNew: 78656K->8704K(78656K), 0.0358826 secs] 1040148K->981129K(1586168K), 0.0359594 secs] [Times: user=0.13 sys=0.00, real=0.04 secs] 
35.652: [GC (Allocation Failure) 35.652: [ParNew: 78656K->8704K(78656K), 0.0329066 secs] 1051081K->991845K(1586168K), 0.0329845 secs] [Times: user=0.11 sys=0.00, real=0.03 secs] 
35.912: [GC (Allocation Failure) 35.912: [ParNew: 78656K->8704K(78656K), 0.0286174 secs] 1061797K->1000143K(1586168K), 0.0286984 secs] [Times: user=0.05 sys=0.00, real=0.03 secs] 
36.143: [GC (Allocation Failure) 36.143: [ParNew: 78656K->8704K(78656K), 0.0318865 secs] 1070095K->1010337K(1586168K), 0.0320163 secs] [Times: user=0.13 sys=0.00, real=0.03 secs] 
36.347: [GC (Allocation Failure) 36.347: [ParNew: 78656K->8704K(78656K), 0.0330528 secs] 1080289K->1020861K(1586168K), 0.0331267 secs] [Times: user=0.11 sys=0.00, real=0.03 secs] 
36.554: [GC (Allocation Failure) 36.554: [ParNew: 78656K->8704K(78656K), 0.0291259 secs] 1090813K->1029763K(1586168K), 0.0291980 secs] [Times: user=0.06 sys=0.00, real=0.03 secs] 
36.762: [GC (Allocation Failure) 36.762: [ParNew: 78656K->8704K(78656K), 0.0482686 secs] 1099715K->1039133K(1586168K), 0.0483473 secs] [Times: user=0.11 sys=0.00, real=0.05 secs] 
37.035: [GC (Allocation Failure) 37.035: [ParNew: 78638K->8704K(78656K), 0.0352918 secs] 1109068K->1049300K(1586168K), 0.0361588 secs] [Times: user=0.06 sys=0.00, real=0.04 secs] 
37.295: [GC (Allocation Failure) 37.295: [ParNew: 78656K->8704K(78656K), 0.0271063 secs] 1119252K->1058036K(1586168K), 0.0271829 secs] [Times: user=0.12 sys=0.00, real=0.03 secs] 
37.543: [GC (Allocation Failure) 37.543: [ParNew: 78656K->8704K(78656K), 0.0260316 secs] 1127988K->1066407K(1586168K), 0.0261028 secs] [Times: user=0.05 sys=0.02, real=0.03 secs] 
37.787: [GC (Allocation Failure) 37.787: [ParNew: 78656K->8704K(78656K), 0.0352749 secs] 1136359K->1075247K(1586168K), 0.0353548 secs] [Times: user=0.09 sys=0.00, real=0.03 secs] 
38.065: [GC (Allocation Failure) 38.065: [ParNew: 78656K->8704K(78656K), 0.0266167 secs] 1145199K->1083921K(1586168K), 0.0266957 secs] [Times: user=0.12 sys=0.00, real=0.03 secs] 
38.343: [GC (Allocation Failure) 38.344: [ParNew: 78625K->8704K(78656K), 0.0281972 secs] 1153843K->1092444K(1586168K), 0.0282771 secs] [Times: user=0.11 sys=0.00, real=0.03 secs] 
38.666: [GC (Allocation Failure) 38.666: [ParNew: 78656K->8704K(78656K), 0.0308078 secs] 1162396K->1101977K(1586168K), 0.0308855 secs] [Times: user=0.09 sys=0.01, real=0.03 secs] 
38.968: [GC (Allocation Failure) 38.968: [ParNew: 78656K->8704K(78656K), 0.0298478 secs] 1171929K->1109703K(1586168K), 0.0299228 secs] [Times: user=0.08 sys=0.00, real=0.03 secs] 
39.207: [GC (Allocation Failure) 39.207: [ParNew: 78656K->8704K(78656K), 0.0292151 secs] 1179655K->1117896K(1586168K), 0.0292930 secs] [Times: user=0.06 sys=0.00, real=0.03 secs] 
39.460: [GC (Allocation Failure) 39.460: [ParNew: 78656K->8704K(78656K), 0.0243808 secs] 1187848K->1125577K(1586168K), 0.0244553 secs] [Times: user=0.05 sys=0.00, real=0.02 secs] 
39.735: [GC (Allocation Failure) 39.735: [ParNew: 78656K->8704K(78656K), 0.0328429 secs] 1195529K->1135102K(1586168K), 0.0329266 secs] [Times: user=0.05 sys=0.00, real=0.03 secs] 
39.951: [GC (Allocation Failure) 39.951: [ParNew: 78656K->8704K(78656K), 0.0297391 secs] 1205054K->1141509K(1586168K), 0.0298157 secs] [Times: user=0.06 sys=0.00, real=0.03 secs] 
40.175: [GC (Allocation Failure) 40.175: [ParNew: 78656K->8704K(78656K), 0.0294702 secs] 1211461K->1149056K(1586168K), 0.0295503 secs] [Times: user=0.08 sys=0.00, real=0.03 secs] 
40.464: [GC (Allocation Failure) 40.464: [ParNew: 78656K->8704K(78656K), 0.0268328 secs] 1219008K->1157868K(1586168K), 0.0269182 secs] [Times: user=0.11 sys=0.00, real=0.03 secs] 
40.718: [GC (Allocation Failure) 40.718: [ParNew: 78656K->8704K(78656K), 0.0236857 secs] 1227820K->1164447K(1586168K), 0.0237667 secs] [Times: user=0.06 sys=0.00, real=0.02 secs] 
40.897: [GC (Allocation Failure) 40.897: [ParNew: 78656K->8704K(78656K), 0.0286669 secs] 1234399K->1171831K(1586168K), 0.0287498 secs] [Times: user=0.08 sys=0.00, real=0.03 secs] 
41.147: [GC (Allocation Failure) 41.147: [ParNew: 78567K->8704K(78656K), 0.0250679 secs] 1241695K->1179458K(1586168K), 0.0251371 secs] [Times: user=0.05 sys=0.00, real=0.02 secs] 
41.301: [GC (Allocation Failure) 41.301: [ParNew: 78542K->8704K(78656K), 0.0258317 secs] 1249296K->1186841K(1586168K), 0.0259056 secs] [Times: user=0.08 sys=0.00, real=0.03 secs] 
41.535: [GC (Allocation Failure) 41.535: [ParNew: 78656K->8704K(78656K), 0.0299332 secs] 1256793K->1194237K(1586168K), 0.0300060 secs] [Times: user=0.08 sys=0.00, real=0.03 secs] 
41.803: [GC (Allocation Failure) 41.803: [ParNew: 78656K->8704K(78656K), 0.0264789 secs] 1264189K->1201760K(1586168K), 0.0265499 secs] [Times: user=0.08 sys=0.00, real=0.03 secs] 
42.058: [GC (Allocation Failure) 42.058: [ParNew: 78656K->8704K(78656K), 0.0220839 secs] 1271712K->1208157K(1586168K), 0.0221671 secs] [Times: user=0.08 sys=0.00, real=0.02 secs] 
42.349: [GC (Allocation Failure) 42.349: [ParNew: 78656K->8704K(78656K), 0.0267820 secs] 1278109K->1215814K(1586168K), 0.0268614 secs] [Times: user=0.11 sys=0.00, real=0.03 secs] 
42.635: [GC (Allocation Failure) 42.635: [ParNew: 78656K->8704K(78656K), 0.0300715 secs] 1285766K->1222387K(1586168K), 0.0301436 secs] [Times: user=0.08 sys=0.02, real=0.03 secs] 
42.945: [GC (Allocation Failure) 42.945: [ParNew: 78565K->8704K(78656K), 0.0289515 secs] 1292249K->1229184K(1586168K), 0.0290307 secs] [Times: user=0.09 sys=0.00, real=0.03 secs] 
43.211: [GC (Allocation Failure) 43.211: [ParNew: 78656K->8704K(78656K), 0.0244944 secs] 1299136K->1236413K(1586168K), 0.0245745 secs] [Times: user=0.08 sys=0.00, real=0.02 secs] 
43.520: [GC (Allocation Failure) 43.520: [ParNew: 78656K->8704K(78656K), 0.0236478 secs] 1306365K->1242597K(1586168K), 0.0237329 secs] [Times: user=0.09 sys=0.00, real=0.02 secs] 
43.833: [GC (Allocation Failure) 43.833: [ParNew: 78656K->8704K(78656K), 0.0259926 secs] 1312549K->1249231K(1586168K), 0.0260707 secs] [Times: user=0.08 sys=0.00, real=0.03 secs] 
44.223: [GC (Allocation Failure) 44.223: [ParNew: 78656K->8704K(78656K), 0.0234716 secs] 1319183K->1256276K(1586168K), 0.0235479 secs] [Times: user=0.09 sys=0.02, real=0.02 secs] 
44.562: [GC (Allocation Failure) 44.562: [ParNew: 78526K->8704K(78656K), 0.0253164 secs] 1326098K->1262524K(1586168K), 0.0253925 secs] [Times: user=0.06 sys=0.00, real=0.02 secs] 
44.902: [GC (Allocation Failure) 44.902: [ParNew: 78656K->8704K(78656K), 0.0245660 secs] 1332476K->1270001K(1586168K), 0.0246423 secs] [Times: user=0.06 sys=0.00, real=0.03 secs] 
45.246: [GC (Allocation Failure) 45.246: [ParNew: 78523K->8704K(78656K), 0.0282828 secs] 1339821K->1275488K(1586168K), 0.0283574 secs] [Times: user=0.05 sys=0.00, real=0.03 secs] 
45.595: [GC (Allocation Failure) 45.595: [ParNew: 78549K->8704K(78656K), 0.0215523 secs] 1345333K->1282173K(1586168K), 0.0216286 secs] [Times: user=0.08 sys=0.00, real=0.02 secs] 
45.963: [GC (Allocation Failure) 45.963: [ParNew: 78548K->8704K(78656K), 0.0226900 secs] 1352018K->1288466K(1586168K), 0.0227763 secs] [Times: user=0.06 sys=0.00, real=0.02 secs] 
46.350: [GC (Allocation Failure) 46.350: [ParNew: 78499K->8704K(78656K), 0.0238263 secs] 1358262K->1295244K(1586168K), 0.0239000 secs] [Times: user=0.06 sys=0.00, real=0.02 secs] 
46.691: [GC (Allocation Failure) 46.691: [ParNew: 78656K->8704K(78656K), 0.0230711 secs] 1365196K->1301256K(1586168K), 0.0231481 secs] [Times: user=0.06 sys=0.01, real=0.02 secs] 
47.032: [GC (Allocation Failure) 47.032: [ParNew: 78656K->8704K(78656K), 0.0290369 secs] 1371208K->1307587K(1586168K), 0.0291212 secs] [Times: user=0.09 sys=0.00, real=0.03 secs] 
47.389: [GC (Allocation Failure) 47.389: [ParNew: 78656K->7827K(78656K), 0.0409590 secs] 1377539K->1312958K(1586168K), 0.0410369 secs] [Times: user=0.09 sys=0.00, real=0.04 secs] 
47.786: [GC (Allocation Failure) 47.786: [ParNew: 77779K->8704K(78656K), 0.0264015 secs] 1382910K->1320133K(1586168K), 0.0264734 secs] [Times: user=0.05 sys=0.00, real=0.03 secs] 
48.148: [GC (Allocation Failure) 48.149: [ParNew: 78656K->8704K(78656K), 0.0243967 secs] 1390085K->1326286K(1586168K), 0.0244766 secs] [Times: user=0.06 sys=0.00, real=0.02 secs] 
48.484: [GC (Allocation Failure) 48.484: [ParNew: 78523K->8704K(78656K), 0.0253683 secs] 1396105K->1332265K(1586168K), 0.0254575 secs] [Times: user=0.09 sys=0.00, real=0.02 secs] 
48.843: [GC (Allocation Failure) 48.843: [ParNew: 78528K->8704K(78656K), 0.0228566 secs] 1402089K->1338406K(1586168K), 0.0229311 secs] [Times: user=0.13 sys=0.00, real=0.02 secs] 
49.206: [GC (Allocation Failure) 49.206: [ParNew: 78613K->8704K(78656K), 0.0207871 secs] 1408315K->1344532K(1586168K), 0.0208754 secs] [Times: user=0.05 sys=0.00, real=0.02 secs] 
50.067: [GC (Allocation Failure) 50.067: [ParNew: 78596K->8704K(78656K), 0.0293726 secs] 1414424K->1350806K(1586168K), 0.0294558 secs] [Times: user=0.08 sys=0.00, real=0.03 secs] 
50.416: [GC (Allocation Failure) 50.416: [ParNew: 78656K->6814K(78656K), 0.0205273 secs] 1420758K->1353636K(1586168K), 0.0206103 secs] [Times: user=0.06 sys=0.00, real=0.02 secs] 
50.710: [GC (Allocation Failure) 50.710: [ParNew: 76611K->7574K(78656K), 0.0231574 secs] 1423434K->1360143K(1586168K), 0.0232324 secs] [Times: user=0.08 sys=0.00, real=0.02 secs] 
51.304: [GC (Allocation Failure) 51.304: [ParNew: 77526K->8704K(78656K), 0.0241618 secs] 1430095K->1373155K(1586168K), 0.0242858 secs] [Times: user=0.06 sys=0.00, real=0.02 secs] 
51.534: [GC (Allocation Failure) 51.534: [ParNew: 78566K->7429K(78656K), 0.0220153 secs] 1443017K->1379877K(1586168K), 0.0220925 secs] [Times: user=0.02 sys=0.00, real=0.02 secs] 
51.761: [GC (Allocation Failure) 51.762: [ParNew: 77381K->8704K(78656K), 0.0205834 secs] 1449829K->1387201K(1586168K), 0.0207711 secs] [Times: user=0.05 sys=0.01, real=0.02 secs] 
52.164: [GC (Allocation Failure) 52.165: [ParNew: 78501K->8371K(78656K), 0.0214227 secs] 1456998K->1392193K(1586168K), 0.0215015 secs] [Times: user=0.06 sys=0.00, real=0.02 secs] 
52.570: [GC (Allocation Failure) 52.570: [ParNew: 78323K->8567K(78656K), 0.0228976 secs] 1462145K->1398097K(1586168K), 0.0229973 secs] [Times: user=0.11 sys=0.00, real=0.02 secs] 
52.594: [GC (CMS Initial Mark) [1 CMS-initial-mark: 1389529K(1507512K)] 1399272K(1586168K), 0.0039460 secs] [Times: user=0.00 sys=0.00, real=0.00 secs] 
52.598: [CMS-concurrent-mark-start]
55.284: [CMS-concurrent-mark: 2.683/2.687 secs] [Times: user=3.01 sys=0.00, real=2.69 secs] 
55.284: [CMS-concurrent-preclean-start]
55.291: [CMS-concurrent-preclean: 0.007/0.007 secs] [Times: user=0.02 sys=0.00, real=0.01 secs] 
55.291: [CMS-concurrent-abortable-preclean-start]
60.105: [GC (Allocation Failure) 60.105: [ParNew: 78516K->8704K(78656K), 0.0244416 secs] 1468046K->1404324K(1586168K), 0.0245139 secs] [Times: user=0.12 sys=0.00, real=0.02 secs] 
 CMS: abort preclean due to time 60.359: [CMS-concurrent-abortable-preclean: 5.028/5.068 secs] [Times: user=5.77 sys=0.05, real=5.07 secs] 
60.359: [GC (CMS Final Remark) [YG occupancy: 14767 K (78656 K)]60.359: [Rescan (parallel) , 0.0074452 secs]60.367: [weak refs processing, 0.0002079 secs]60.367: [class unloading, 0.0101108 secs]60.377: [scrub symbol table, 0.0138371 secs]60.391: [scrub string table, 0.0010265 secs][1 CMS-remark: 1395620K(1507512K)] 1410387K(1586168K), 0.0328656 secs] [Times: user=0.03 sys=0.00, real=0.03 secs] 
60.392: [CMS-concurrent-sweep-start]
61.226: [CMS-concurrent-sweep: 0.834/0.834 secs] [Times: user=0.87 sys=0.00, real=0.83 secs] 
61.227: [CMS-concurrent-reset-start]
61.231: [CMS-concurrent-reset: 0.004/0.004 secs] [Times: user=0.00 sys=0.00, real=0.00 secs] 
97.774: [GC (Allocation Failure) 97.774: [ParNew: 78656K->5968K(78656K), 0.0216914 secs] 1470001K->1402374K(1835072K), 0.0217628 secs] [Times: user=0.05 sys=0.00, real=0.02 secs] 
150.578: [GC (Allocation Failure) 150.578: [ParNew: 75920K->3569K(78656K), 0.0102233 secs] 1472326K->1399975K(1835072K), 0.0103133 secs] [Times: user=0.06 sys=0.00, real=0.01 secs] 
197.102: [GC (Allocation Failure) 197.102: [ParNew: 73492K->4014K(78656K), 0.0089908 secs] 1469899K->1400421K(1835072K), 0.0090681 secs] [Times: user=0.06 sys=0.00, real=0.01 secs] 
241.025: [GC (Allocation Failure) 241.025: [ParNew: 73966K->3696K(78656K), 0.0098144 secs] 1470373K->1400102K(1835072K), 0.0099369 secs] [Times: user=0.03 sys=0.00, real=0.01 secs] 
284.589: [GC (Allocation Failure) 284.589: [ParNew: 73648K->4206K(78656K), 0.0236673 secs] 1470054K->1400613K(1835072K), 0.0237407 secs] [Times: user=0.02 sys=0.00, real=0.02 secs] 
317.528: [GC (Allocation Failure) 317.528: [ParNew: 74158K->4274K(78656K), 0.0106856 secs] 1470565K->1400681K(1835072K), 0.0107615 secs] [Times: user=0.06 sys=0.00, real=0.01 secs] 
341.274: [GC (Allocation Failure) 341.274: [ParNew: 74226K->4547K(78656K), 0.0185962 secs] 1470633K->1401777K(1835072K), 0.0186675 secs] [Times: user=0.03 sys=0.00, real=0.02 secs] 
366.259: [GC (Allocation Failure) 366.259: [ParNew: 74499K->3162K(78656K), 0.0129038 secs] 1471729K->1400787K(1835072K), 0.0129750 secs] [Times: user=0.03 sys=0.00, real=0.01 secs] 
393.008: [GC (Allocation Failure) 393.008: [ParNew: 73114K->2990K(78656K), 0.0085835 secs] 1470739K->1400969K(1835072K), 0.0087816 secs] [Times: user=0.00 sys=0.00, real=0.01 secs] 
416.406: [GC (Allocation Failure) 416.406: [ParNew: 72942K->2339K(78656K), 0.0113173 secs] 1470921K->1400380K(1835072K), 0.0114029 secs] [Times: user=0.02 sys=0.00, real=0.01 secs] 
452.275: [GC (Allocation Failure) 452.275: [ParNew: 72291K->1961K(78656K), 0.0067884 secs] 1470332K->1400056K(1835072K), 0.0068648 secs] [Times: user=0.00 sys=0.00, real=0.01 secs] 
487.774: [GC (Allocation Failure) 487.774: [ParNew: 71913K->2317K(78656K), 0.0076635 secs] 1470008K->1400473K(1835072K), 0.0077382 secs] [Times: user=0.02 sys=0.00, real=0.01 secs] 
523.063: [GC (Allocation Failure) 523.063: [ParNew: 72260K->2154K(78656K), 0.0081396 secs] 1470417K->1400323K(1835072K), 0.0082101 secs] [Times: user=0.05 sys=0.00, real=0.01 secs] 
547.690: [GC (Allocation Failure) 547.690: [ParNew: 72106K->1632K(78656K), 0.0098388 secs] 1470275K->1399850K(1835072K), 0.0099411 secs] [Times: user=0.03 sys=0.00, real=0.01 secs] 
590.776: [GC (Allocation Failure) 590.776: [ParNew: 71584K->1457K(78656K), 0.0130879 secs] 1469802K->1399716K(1835072K), 0.0132184 secs] [Times: user=0.02 sys=0.00, real=0.01 secs] 
633.237: [GC (Allocation Failure) 633.237: [ParNew: 71409K->1974K(78656K), 0.0086168 secs] 1469668K->1400237K(1835072K), 0.0086938 secs] [Times: user=0.02 sys=0.00, real=0.01 secs] 
675.808: [GC (Allocation Failure) 675.808: [ParNew: 71926K->2980K(78656K), 0.0274140 secs] 1470189K->1401280K(1835072K), 0.0274855 secs] [Times: user=0.06 sys=0.00, real=0.03 secs] 
726.591: [GC (Allocation Failure) 726.591: [ParNew: 72932K->2998K(78656K), 0.0083814 secs] 1471232K->1401344K(1835072K), 0.0084608 secs] [Times: user=0.05 sys=0.00, real=0.01 secs] 
775.095: [GC (Allocation Failure) 775.095: [ParNew: 72950K->2892K(78656K), 0.0062735 secs] 1471296K->1401272K(1835072K), 0.0063563 secs] [Times: user=0.00 sys=0.00, real=0.01 secs] 
818.124: [GC (Allocation Failure) 818.124: [ParNew: 72844K->3065K(78656K), 0.0102776 secs] 1471224K->1401446K(1835072K), 0.0103426 secs] [Times: user=0.00 sys=0.00, real=0.01 secs] 
861.296: [GC (Allocation Failure) 861.296: [ParNew: 73017K->2254K(78656K), 0.0114885 secs] 1471398K->1400694K(1835072K), 0.0115504 secs] [Times: user=0.03 sys=0.00, real=0.01 secs] 
904.274: [GC (Allocation Failure) 904.274: [ParNew: 72206K->2440K(78656K), 0.0089081 secs] 1470646K->1401089K(1835072K), 0.0089704 secs] [Times: user=0.05 sys=0.00, real=0.01 secs] 
947.081: [GC (Allocation Failure) 947.081: [ParNew: 72241K->2132K(78656K), 0.0121302 secs] 1470891K->1401081K(1835072K), 0.0121907 secs] [Times: user=0.03 sys=0.00, real=0.01 secs] 
993.025: [GC (Allocation Failure) 993.025: [ParNew: 72084K->2196K(78656K), 0.0103504 secs] 1471033K->1401154K(1835072K), 0.0104127 secs] [Times: user=0.00 sys=0.00, real=0.01 secs] 
1039.274: [GC (Allocation Failure) 1039.274: [ParNew: 72148K->2690K(78656K), 0.0109450 secs] 1471106K->1401654K(1835072K), 0.0110049 secs] [Times: user=0.03 sys=0.00, real=0.01 secs] 
